{"testsuites": [{"tests": "1", "errors": "1", "name": "another-suite", "job_url": null, "time": "0", "testcases": [{"job_id": null, "run_id": null, "job_url": null, "classname": "another-class", "error": {"message": "another error message", "type": "error"}, "name": "another-name"}], "skipped": "0", "failures": "0", "path": "/testresults/junit.xml"}, {"tests": "17", "errors": "5", "name": "test-suite-name", "package": "package", "job_url": null, "timestamp": "2017-03-03T20:30:50", "hostname": "hostname", "properties": {"yes": "no", "hello": "world"}, "testcases": [{"system-out": {"text": "stdout"}, "job_id": null, "run_id": null, "job_url": null, "classname": "classname", "time": "1.200000", "name": "test-case-name"}, {"system-out": {"text": "stdout"}, "job_id": null, "run_id": null, "job_url": null, "error": {"message": "error message", "type": "error"}, "classname": "classname", "time": "1.200000", "name": "test-case-name-error"}, {"system-out": {"text": "stdout"}, "job_id": null, "run_id": null, "job_url": null, "classname": "classname", "failure": {"message": "failure message", "type": "failure"}, "time": "1.200000", "name": "test-case-name-failure"}, {"system-out": {"text": "stdout"}, "skipped": {"text": "\nskipped\noutput", "message": "skipped message", "type": "skipped"}, "job_id": null, "run_id": null, "job_url": null, "classname": "classname", "time": "1.200000", "name": "test-case-name-skipped"}, {"system-out": {"text": "std\nout"}, "job_id": null, "run_id": null, "job_url": null, "error": {"message": "error message", "type": "error"}, "classname": "class name", "time": "1.200000", "name": "test-case-name-error-no- output"}, {"system-out": {"text": "std\nout"}, "job_id": null, "run_id": null, "job_url": null, "classname": "class name", "failure": {"message": "failure message", "type": "failure"}, "time": "1.200000", "name": "test-case-name-failure-no- output"}, {"system-out": {"text": "std\nout"}, "skipped": {"text": null, "message": "skipped message", "type": "skipped"}, "job_id": null, "run_id": null, "job_url": null, "classname": "class name", "time": "1.200000", "name": "test-case-name-skipped-no- output"}, {"system-out": {"text": "stdout"}, "job_id": null, "run_id": null, "job_url": null, "error": {"type": "error"}, "classname": "classname", "time": "1.200000", "name": "test-case-name-error-no-message"}, {"system-out": {"text": "stdout"}, "job_id": null, "run_id": null, "job_url": null, "classname": "classname", "failure": {"type": "failure"}, "time": "1.200000", "name": "test-case-name-failure-no-message"}, {"system-out": {"text": "stdout"}, "skipped": {"text": "skipped output", "type": "skipped"}, "job_id": null, "run_id": null, "job_url": null, "classname": "classname", "time": "1.200000", "name": "test-case-name-skipped-no-message"}, {"system-out": {"text": "stdout"}, "job_id": null, "run_id": null, "job_url": null, "error": {"message": "error message", "type": "error"}, "classname": "classname", "time": "1.200000", "name": "test-case-name-error-no-stderr"}, {"system-out": {"text": "stdout"}, "job_id": null, "run_id": null, "job_url": null, "classname": "classname", "failure": {"message": "failure message", "type": "failure"}, "time": "1.200000", "name": "test-case-name-failure-no-stderr"}, {"system-out": {"text": "stdout"}, "skipped": {"text": null, "message": "skipped message", "type": "skipped"}, "job_id": null, "run_id": null, "job_url": null, "classname": "classname", "time": "1.200000", "name": "test-case-name-skipped-no-stderr"}, {"classname": "classname", "job_url": null, "job_id": null, "name": "optimal-success", "run_id": null}, {"job_id": null, "run_id": null, "job_url": null, "classname": "classname", "error": {"message": "optimal error message", "type": "error"}, "name": "optimal-error"}, {"job_id": null, "run_id": null, "job_url": null, "classname": "classname", "failure": {"message": "optimal failure message", "type": "failure"}, "name": "optimal-failure"}, {"skipped": {"text": "\noptimal\nskipped\noutput", "message": "optimal skipped message", "type": "skipped"}, "job_id": null, "run_id": null, "job_url": null, "classname": "classname", "name": "optimal-skipped"}], "skipped": "5", "time": "15.6", "failures": "5", "path": "/testresults/junit.xml", "id": "id"}], "tests": "18", "errors": "6", "job_id": null, "run_id": null, "url": null, "time": "15.6", "testresults/not-a-test": [{"job_url": null, "run_id": null, "hello": "world", "job_id": null, "number": 9}], "testcases": [], "testresults": [{"job_id": null, "totalFailures": 5, "run_id": null, "errorDetails": [{"kind": "error", "full": "\nanother\nerror\noutput", "suiteName": "another-suite", "testName": "another-name", "className": "another-class", "message": "another error message"}, {"kind": "error", "full": "\nerror\noutput", "suiteName": "test-suite-name", "testName": "test-case-name-error", "className": "classname", "message": "error\nmessage"}, {"kind": "error", "full": "\nstd\nerr", "suiteName": "test-suite-name", "testName": "test-case-name-error-no-\noutput", "className": "class\nname", "message": "error message"}, {"kind": "error", "full": "error output", "suiteName": "test-suite-name", "testName": "test-case-name-error-no-message", "className": "classname", "message": ""}, {"kind": "error", "full": "", "suiteName": "test-suite-name", "testName": "test-case-name-error-no-stderr", "className": "classname", "message": "error message"}, {"kind": "error", "full": "\noptimal\nerror\noutput", "suiteName": "test-suite-name", "testName": "optimal-error", "className": "classname", "message": "optimal error message"}], "failureDetails": [{"kind": "failure", "full": "\nfailure\noutput", "suiteName": "test-suite-name", "testName": "test-case-name-failure", "className": "classname", "message": "failure\nmessage"}, {"kind": "failure", "full": "\nstd\nerr", "suiteName": "test-suite-name", "testName": "test-case-name-failure-no-\noutput", "className": "class\nname", "message": "failure message"}, {"kind": "failure", "full": "failure output", "suiteName": "test-suite-name", "testName": "test-case-name-failure-no-message", "className": "classname", "message": ""}, {"kind": "failure", "full": "", "suiteName": "test-suite-name", "testName": "test-case-name-failure-no-stderr", "className": "classname", "message": "failure message"}, {"kind": "failure", "full": "\noptimal\nfailure\noutput", "suiteName": "test-suite-name", "testName": "optimal-failure", "className": "classname", "message": "optimal failure message"}], "durationSeconds": 15.599999999999996, "job_url": null, "totalPassing": 2, "totalErrors": 6, "totalSkipped": 5, "total": 18}], "failures": "5", "path": "/testresults.json", "permissions": 33188}